// Jest Snapshot v1, https://jestjs.io/docs/snapshot-testing

exports[`IconButton Snaps renders IconButton unchanged 1`] = `
<div>
  <button
    class="icon"
    type="button"
  >
    <svg
      data-testid="mock-icon"
    />
  </button>
</div>
`;
