// Jest Snapshot v1, https://jestjs.io/docs/snapshot-testing

exports[`Page snaps renders homepage unchanged 1`] = `
<div>
  <div
    class="page"
  >
    <h2>
      Page Display
    </h2>
  </div>
</div>
`;
