// Jest Snapshot v1, https://jestjs.io/docs/snapshot-testing

exports[`Main Footer renders footer unchanged 1`] = `
<div>
  <footer
    class="root"
  >
    <div
      class="divider"
    />
    <div
      class="container"
    >
      <p>
        Icons
      </p>
    </div>
    <div
      class="divider"
    />
    <div
      class="container"
    >
      <p
        class="copyright"
      >
        <strong>
          Copyright 2025 Â©Datatattat.
           
        </strong>
        Datatattat is not responsible for the content of external sites.
      </p>
    </div>
  </footer>
</div>
`;
