// Jest Snapshot v1, https://goo.gl/fbAQLP

exports[`Meta Component renders correctly with all props 1`] = `
<div>
  <div
    class="meta"
  >
    <p
      class="publishers"
      data-testid="publisher"
    >
      Publisher1
    </p>
    <time
      datetime="2023-10-01T00:00:00.000Z"
    >
      1 Oct 2023
    </time>
  </div>
</div>
`;
