// Jest Snapshot v1, https://jestjs.io/docs/snapshot-testing

exports[`ComponentFactory renders ComponentFactory unchanged 1`] = `
<div>
  <div>
    Component not found:- Unknown
  </div>
</div>
`;
