// Jest Snapshot v1, https://goo.gl/fbAQLP

exports[`User Menu renders unopened user menu unchanged 1`] = `
<div>
  <div>
    <button
      class="menuButton"
    >
      <svg
        class="logo"
        fill="currentColor"
        height="1em"
        stroke="currentColor"
        stroke-width="0"
        viewBox="0 0 24 24"
        width="1em"
        xmlns="http://www.w3.org/2000/svg"
      >
        <path
          d="M7.5 6.5C7.5 8.981 9.519 11 12 11s4.5-2.019 4.5-4.5S14.481 2 12 2 7.5 4.019 7.5 6.5zM20 21h1v-1c0-3.859-3.141-7-7-7h-4c-3.86 0-7 3.141-7 7v1h17z"
        />
      </svg>
    </button>
    <dialog
      class="menu"
    >
      <ul>
        <li>
          <a
            href="/api/auth/signout?callbackUrl=[object Promise]"
          >
            Sign Out
          </a>
        </li>
        <li>
          <a
            href="/edit"
          >
            Edit
          </a>
        </li>
      </ul>
    </dialog>
  </div>
</div>
`;
