// Jest Snapshot v1, https://goo.gl/fbAQLP

exports[`Page snaps renders homepage unchanged 1`] = `
<div>
  <div
    class="page"
  >
    <h2>
      Page Display
    </h2>
  </div>
</div>
`;
