// Jest Snapshot v1, https://jestjs.io/docs/snapshot-testing

exports[`PageProfile Component renders page profile unchanged 1`] = `
<div>
  <div
    class="root"
    data-testid="page-profile-root"
  >
    <h1
      class="title"
    >
      Test Title
    </h1>
  </div>
</div>
`;
