// Jest Snapshot v1, https://goo.gl/fbAQLP

exports[`ComponentFactory renders ComponentFactory unchanged 1`] = `
<div>
  <div>
    Component not found
  </div>
</div>
`;
