// Jest Snapshot v1, https://goo.gl/fbAQLP

exports[`UserHome page Snaps renders Page Unchanged 1`] = `
<div>
  <h1>
    404
  </h1>
</div>
`;
